MPLINK 4.49, Linker
Linker Map File - Created Wed Aug 29 21:31:15 2018

                                 Section Info
                  Section       Type    Address   Location Size(Bytes)
                ---------  ---------  ---------  ---------  ---------
                   .org_0       code   0x000000    program   0x000000
                   .org_1       code   0x000000    program   0x00004e



                              Program Memory Usage 
                               Start         End      
                           ---------   ---------      
                            0x000000    0x000026      
            39 out of 8454 program addresses used, program memory utilization is 0%



                              Symbols - Sorted by Name
                     Name    Address   Location    Storage File                     
                ---------  ---------  ---------  --------- ---------                
                    DONGU   0x000012    program     static C:\Users\yunus\Desktop\calisma\sos\sos.asm
                   DONGU1   0x000020    program     static C:\Users\yunus\Desktop\calisma\sos\sos.asm
                   DONGU2   0x000022    program     static C:\Users\yunus\Desktop\calisma\sos\sos.asm
                  GECIKME   0x00001e    program     static C:\Users\yunus\Desktop\calisma\sos\sos.asm



                              Symbols - Sorted by Address
                     Name    Address   Location    Storage File                     
                ---------  ---------  ---------  --------- ---------                
                    DONGU   0x000012    program     static C:\Users\yunus\Desktop\calisma\sos\sos.asm
                  GECIKME   0x00001e    program     static C:\Users\yunus\Desktop\calisma\sos\sos.asm
                   DONGU1   0x000020    program     static C:\Users\yunus\Desktop\calisma\sos\sos.asm
                   DONGU2   0x000022    program     static C:\Users\yunus\Desktop\calisma\sos\sos.asm


