MPLINK 4.49, Linker
Linker Map File - Created Wed Aug 29 21:58:57 2018

                                 Section Info
                  Section       Type    Address   Location Size(Bytes)
                ---------  ---------  ---------  ---------  ---------
                   .org_0       code   0x000000    program   0x000000
                   .org_1       code   0x000000    program   0x0000ae



                              Program Memory Usage 
                               Start         End      
                           ---------   ---------      
                            0x000000    0x000056      
            87 out of 8454 program addresses used, program memory utilization is 1%



                              Symbols - Sorted by Name
                     Name    Address   Location    Storage File                     
                ---------  ---------  ---------  --------- ---------                
                  HAZIRLA   0x000001    program     static C:\Users\yunus\Desktop\calisma\asenkron_pwm\motor.asm
                  KOMUT_H   0x000049    program     static C:\Users\yunus\Desktop\calisma\asenkron_pwm\motor.asm
                  KOMUT_L   0x000046    program     static C:\Users\yunus\Desktop\calisma\asenkron_pwm\motor.asm
                  KOMUT_R   0x000043    program     static C:\Users\yunus\Desktop\calisma\asenkron_pwm\motor.asm
                  KOMUT_Y   0x000050    program     static C:\Users\yunus\Desktop\calisma\asenkron_pwm\motor.asm
                  KONTROL   0x000030    program     static C:\Users\yunus\Desktop\calisma\asenkron_pwm\motor.asm
                     LOOP   0x00002e    program     static C:\Users\yunus\Desktop\calisma\asenkron_pwm\motor.asm



                              Symbols - Sorted by Address
                     Name    Address   Location    Storage File                     
                ---------  ---------  ---------  --------- ---------                
                  HAZIRLA   0x000001    program     static C:\Users\yunus\Desktop\calisma\asenkron_pwm\motor.asm
                     LOOP   0x00002e    program     static C:\Users\yunus\Desktop\calisma\asenkron_pwm\motor.asm
                  KONTROL   0x000030    program     static C:\Users\yunus\Desktop\calisma\asenkron_pwm\motor.asm
                  KOMUT_R   0x000043    program     static C:\Users\yunus\Desktop\calisma\asenkron_pwm\motor.asm
                  KOMUT_L   0x000046    program     static C:\Users\yunus\Desktop\calisma\asenkron_pwm\motor.asm
                  KOMUT_H   0x000049    program     static C:\Users\yunus\Desktop\calisma\asenkron_pwm\motor.asm
                  KOMUT_Y   0x000050    program     static C:\Users\yunus\Desktop\calisma\asenkron_pwm\motor.asm


